------------------------------------------------------------
TimeQuest Timing Analyzer Summary
------------------------------------------------------------

Type  : Slow Model Setup 'inst1|video_PLL_inst|altpll_component|pll|clk[0]'
Slack : 32.000
TNS   : 0.000

Type  : Slow Model Hold 'inst1|video_PLL_inst|altpll_component|pll|clk[0]'
Slack : -3.213
TNS   : -157.552

Type  : Slow Model Minimum Pulse Width 'CLOCK_50'
Slack : 10.000
TNS   : 0.000

Type  : Slow Model Minimum Pulse Width 'inst1|video_PLL_inst|altpll_component|pll|clk[0]'
Slack : 17.436
TNS   : 0.000

Type  : Fast Model Setup 'inst1|video_PLL_inst|altpll_component|pll|clk[0]'
Slack : 36.299
TNS   : 0.000

Type  : Fast Model Hold 'inst1|video_PLL_inst|altpll_component|pll|clk[0]'
Slack : -1.754
TNS   : -113.091

Type  : Fast Model Minimum Pulse Width 'CLOCK_50'
Slack : 10.000
TNS   : 0.000

Type  : Fast Model Minimum Pulse Width 'inst1|video_PLL_inst|altpll_component|pll|clk[0]'
Slack : 17.873
TNS   : 0.000

------------------------------------------------------------
