Flow report for praticafiltro
Mon Aug 01 11:33:47 2022
Quartus II 64-Bit Version 13.0.1 Build 232 06/12/2013 Service Pack 1 SJ Web Edition


---------------------
; Table of Contents ;
---------------------
  1. Legal Notice
  2. Flow Summary
  3. Flow Settings
  4. Flow Non-Default Global Settings
  5. Flow Elapsed Time
  6. Flow OS Summary
  7. Flow Log
  8. Flow Messages
  9. Flow Suppressed Messages



----------------
; Legal Notice ;
----------------
Copyright (C) 1991-2013 Altera Corporation
Your use of Altera Corporation's design tools, logic functions 
and other software and tools, and its AMPP partner logic 
functions, and any output files from any of the foregoing 
(including device programming or simulation files), and any 
associated documentation or information are expressly subject 
to the terms and conditions of the Altera Program License 
Subscription Agreement, Altera MegaCore Function License 
Agreement, or other applicable license agreement, including, 
without limitation, that your use is for the sole purpose of 
programming logic devices manufactured by Altera and sold by 
Altera or its authorized distributors.  Please refer to the 
applicable agreement for further details.



+--------------------------------------------------------------------------------------+
; Flow Summary                                                                         ;
+------------------------------------+-------------------------------------------------+
; Flow Status                        ; Successful - Mon Aug 01 11:33:46 2022           ;
; Quartus II 64-Bit Version          ; 13.0.1 Build 232 06/12/2013 SP 1 SJ Web Edition ;
; Revision Name                      ; praticafiltro                                   ;
; Top-level Entity Name              ; top-level                                       ;
; Family                             ; Cyclone II                                      ;
; Device                             ; EP2C20F484C7                                    ;
; Timing Models                      ; Final                                           ;
; Total logic elements               ; 147 / 18,752 ( < 1 % )                          ;
;     Total combinational functions  ; 112 / 18,752 ( < 1 % )                          ;
;     Dedicated logic registers      ; 95 / 18,752 ( < 1 % )                           ;
; Total registers                    ; 95                                              ;
; Total pins                         ; 14 / 315 ( 4 % )                                ;
; Total virtual pins                 ; 0                                               ;
; Total memory bits                  ; 34,784 / 239,616 ( 15 % )                       ;
; Embedded Multiplier 9-bit elements ; 0 / 52 ( 0 % )                                  ;
; Total PLLs                         ; 1 / 4 ( 25 % )                                  ;
+------------------------------------+-------------------------------------------------+


+-----------------------------------------+
; Flow Settings                           ;
+-------------------+---------------------+
; Option            ; Setting             ;
+-------------------+---------------------+
; Start date & time ; 08/01/2022 11:33:37 ;
; Main task         ; Compilation         ;
; Revision Name     ; praticafiltro       ;
+-------------------+---------------------+


+------------------------------------------------------------------------------------------------------------------+
; Flow Non-Default Global Settings                                                                                 ;
+-------------------------------------+---------------------------------+---------------+-------------+------------+
; Assignment Name                     ; Value                           ; Default Value ; Entity Name ; Section Id ;
+-------------------------------------+---------------------------------+---------------+-------------+------------+
; COMPILER_SIGNATURE_ID               ; 110073162760212.165936441718680 ; --            ; --          ; --         ;
; IP_TOOL_NAME                        ; LPM_SHIFTREG                    ; --            ; --          ; --         ;
; IP_TOOL_NAME                        ; LPM_SHIFTREG                    ; --            ; --          ; --         ;
; IP_TOOL_NAME                        ; ROM: 1-PORT                     ; --            ; --          ; --         ;
; IP_TOOL_VERSION                     ; 13.0                            ; --            ; --          ; --         ;
; IP_TOOL_VERSION                     ; 13.0                            ; --            ; --          ; --         ;
; IP_TOOL_VERSION                     ; 13.0                            ; --            ; --          ; --         ;
; MAX_CORE_JUNCTION_TEMP              ; 85                              ; --            ; --          ; --         ;
; MIN_CORE_JUNCTION_TEMP              ; 0                               ; --            ; --          ; --         ;
; MISC_FILE                           ; lpm_shiftreg0.bsf               ; --            ; --          ; --         ;
; MISC_FILE                           ; lpm_shiftreg0_bb.v              ; --            ; --          ; --         ;
; MISC_FILE                           ; lpm_shiftreg1.bsf               ; --            ; --          ; --         ;
; MISC_FILE                           ; lpm_shiftreg1_bb.v              ; --            ; --          ; --         ;
; MISC_FILE                           ; memoria_imagem.bsf              ; --            ; --          ; --         ;
; MISC_FILE                           ; memoria_imagem_bb.v             ; --            ; --          ; --         ;
; PARTITION_COLOR                     ; 16764057                        ; --            ; top-level   ; Top        ;
; PARTITION_FITTER_PRESERVATION_LEVEL ; PLACEMENT_AND_ROUTING           ; --            ; top-level   ; Top        ;
; PARTITION_NETLIST_TYPE              ; SOURCE                          ; --            ; top-level   ; Top        ;
; PROJECT_OUTPUT_DIRECTORY            ; output_files                    ; --            ; --          ; --         ;
; TOP_LEVEL_ENTITY                    ; top-level                       ; praticafiltro ; --          ; --         ;
+-------------------------------------+---------------------------------+---------------+-------------+------------+


+-------------------------------------------------------------------------------------------------------------------------------+
; Flow Elapsed Time                                                                                                             ;
+---------------------------+--------------+-------------------------+---------------------+------------------------------------+
; Module Name               ; Elapsed Time ; Average Processors Used ; Peak Virtual Memory ; Total CPU Time (on all processors) ;
+---------------------------+--------------+-------------------------+---------------------+------------------------------------+
; Analysis & Synthesis      ; 00:00:03     ; 1.0                     ; 4670 MB             ; 00:00:03                           ;
; Fitter                    ; 00:00:03     ; 1.0                     ; 4854 MB             ; 00:00:03                           ;
; Assembler                 ; 00:00:02     ; 1.0                     ; 4565 MB             ; 00:00:01                           ;
; TimeQuest Timing Analyzer ; 00:00:01     ; 1.0                     ; 4564 MB             ; 00:00:01                           ;
; Total                     ; 00:00:09     ; --                      ; --                  ; 00:00:08                           ;
+---------------------------+--------------+-------------------------+---------------------+------------------------------------+


+----------------------------------------------------------------------------------------+
; Flow OS Summary                                                                        ;
+---------------------------+------------------+-----------+------------+----------------+
; Module Name               ; Machine Hostname ; OS Name   ; OS Version ; Processor type ;
+---------------------------+------------------+-----------+------------+----------------+
; Analysis & Synthesis      ; LAPTOP-CO8162TP  ; Windows 7 ; 6.2        ; x86_64         ;
; Fitter                    ; LAPTOP-CO8162TP  ; Windows 7 ; 6.2        ; x86_64         ;
; Assembler                 ; LAPTOP-CO8162TP  ; Windows 7 ; 6.2        ; x86_64         ;
; TimeQuest Timing Analyzer ; LAPTOP-CO8162TP  ; Windows 7 ; 6.2        ; x86_64         ;
+---------------------------+------------------+-----------+------------+----------------+


------------
; Flow Log ;
------------
quartus_map --read_settings_files=on --write_settings_files=off praticafiltro -c praticafiltro
quartus_fit --read_settings_files=off --write_settings_files=off praticafiltro -c praticafiltro
quartus_asm --read_settings_files=off --write_settings_files=off praticafiltro -c praticafiltro
quartus_sta praticafiltro -c praticafiltro



